
> antonebsen.dk@0.0.1 build
> astro build

[2m09.23.30[22m [34m[content][39m Syncing content
[2m09.23.30[22m [34m[content][39m Synced content
[2m09.23.30[22m [34m[types][39m Generated [2m376ms[22m
[2m09.23.30[22m [34m[build][39m output: [34m"static"[39m
[2m09.23.30[22m [34m[build][39m mode: [34m"server"[39m
[2m09.23.30[22m [34m[build][39m directory: [34mC:\Users\Anton\antonebsen.dk\dist\[39m
[2m09.23.30[22m [34m[build][39m adapter: [32m@astrojs/vercel[39m
[2m09.23.30[22m [34m[build][39m Collecting build info...
[2m09.23.30[22m [34m[build][39m [32mÔ£ô Completed in 482ms.[39m
[2m09.23.30[22m [34m[build][39m Building server entrypoints...
[33m[1m09.23.32[22m [WARN] [vite][39m [33mnode_modules/astro/dist/assets/fonts/runtime.js (2:26): "fontData" is not exported by " virtual:astro:assets/fonts/internal", imported by "node_modules/astro/dist/assets/fonts/runtime.js".[39m
[2m09.23.32[22m [34m[vite][39m [32mÔ£ô built in 2.71s[39m
[2m09.23.32[22m [34m[build][39m [32mÔ£ô Completed in 2.74s.[39m

[42m[30m building client (vite) [39m[49m
[2m09.23.33[22m [34m[vite][39m transforming...
[2m09.23.33[22m [34m[vite][39m [32mÔ£ô[39m 12 modules transformed.
